src/orders/orders.service.ts(67,11): error TS2322: Type '{ id: string; createdAt: Date; updatedAt: Date; discountPercent: number; code: string; expiresAt: Date | null; isActive: boolean; } | null' is not assignable to type '{ id: string; code: string; discountPercent: number; isActive: boolean; startsAt: Date | null; expiresAt: Date | null; minOrderAmount: number; type: "DISCOUNT" | "GIFT"; giftName: string | null; giftImage: string | null; giftPrice: number | null; } | null'.
  Type '{ id: string; createdAt: Date; updatedAt: Date; discountPercent: number; code: string; expiresAt: Date | null; isActive: boolean; }' is missing the following properties from type '{ id: string; code: string; discountPercent: number; isActive: boolean; startsAt: Date | null; expiresAt: Date | null; minOrderAmount: number; type: "DISCOUNT" | "GIFT"; giftName: string | null; giftImage: string | null; giftPrice: number | null; }': startsAt, minOrderAmount, type, giftName, and 2 more.
src/orders/orders.service.ts(74,15): error TS2353: Object literal may only specify known properties, and 'startsAt' does not exist in type 'PromoCodeSelect<DefaultArgs>'.
src/orders/orders.service.ts(189,13): error TS2561: Object literal may only specify known properties, but 'appliedPromoType' does not exist in type 'Without<OrderCreateInput, OrderUncheckedCreateInput> & OrderUncheckedCreateInput'. Did you mean to write 'appliedPromoCode'?
src/orders/orders.service.ts(261,22): error TS2339: Property 'items' does not exist on type '{ id: string; createdAt: Date; updatedAt: Date; phone: string; address: string; customerId: string; status: OrderStatus; customerName: string; phone2: string | null; ... 8 more ...; appliedPromoPercent: number; }'.
src/orders/orders.service.ts(262,22): error TS2339: Property 'items' does not exist on type '{ id: string; createdAt: Date; updatedAt: Date; phone: string; address: string; customerId: string; status: OrderStatus; customerName: string; phone2: string | null; ... 8 more ...; appliedPromoPercent: number; }'.
src/promo-codes/dto/create-promo-code.dto.ts(3,10): error TS2724: '"@prisma/client"' has no exported member named 'PromoCodeType'. Did you mean 'PromoCode'?
src/promo-codes/promo-codes.service.ts(7,10): error TS2724: '"@prisma/client"' has no exported member named 'PromoCodeType'. Did you mean 'PromoCode'?
src/promo-codes/promo-codes.service.ts(60,9): error TS2353: Object literal may only specify known properties, and 'type' does not exist in type '(Without<PromoCodeCreateInput, PromoCodeUncheckedCreateInput> & PromoCodeUncheckedCreateInput) | (Without<...> & PromoCodeCreateInput)'.
src/promo-codes/promo-codes.service.ts(138,62): error TS2339: Property 'startsAt' does not exist on type '{ id: string; createdAt: Date; updatedAt: Date; discountPercent: number; code: string; expiresAt: Date | null; isActive: boolean; }'.
